/workspace/solana-10x/.venv/lib/python3.13/site-packages/sklearn/impute/_base.py:647: UserWarning: Skipping features without any observed values: [50]. At least one non-missing value is needed for imputation with strategy='median'.
  warnings.warn(
/workspace/solana-10x/.venv/lib/python3.13/site-packages/sklearn/impute/_base.py:647: UserWarning: Skipping features without any observed values: [50]. At least one non-missing value is needed for imputation with strategy='median'.
  warnings.warn(
/workspace/solana-10x/.venv/lib/python3.13/site-packages/sklearn/impute/_base.py:647: UserWarning: Skipping features without any observed values: [50]. At least one non-missing value is needed for imputation with strategy='median'.
  warnings.warn(
/workspace/solana-10x/.venv/lib/python3.13/site-packages/sklearn/impute/_base.py:647: UserWarning: Skipping features without any observed values: [50]. At least one non-missing value is needed for imputation with strategy='median'.
  warnings.warn(
/workspace/solana-10x/.venv/lib/python3.13/site-packages/sklearn/impute/_base.py:647: UserWarning: Skipping features without any observed values: [50]. At least one non-missing value is needed for imputation with strategy='median'.
  warnings.warn(
{"n_before": 332, "n_after_filters": 332, "label_rate": 0.1144578313253012, "n_pos": 38, "features_path": "data/samples/pump_livelike_usable_soft_20261002.csv"}
{
  "status": "ok",
  "joblib": "/workspace/solana-10x/data/paper_live/models/q5b_pump_livelike_20261002.joblib",
  "calibration": "/workspace/solana-10x/data/paper_live/models/q5b_pump_livelike_20261002_calibration.json",
  "metrics": "/workspace/solana-10x/cycle0/npz/q5b_pump_livelike_20261002_wf_metrics.json",
  "n": 332,
  "n_pos": 38,
  "oos_auc": 0.75,
  "oos_ap": 0.4095496894409938,
  "oos_frac_ge_0.9": 0.0,
  "oos_median": 0.025633570578480445,
  "oos_max": 0.48945725490162123,
  "absurd_oos": false,
  "live_rescore": {
    "available": true,
    "n": 500,
    "pilot": {
      "median": 0.03639183333530484,
      "mean": 0.1254447980233917,
      "max": 0.9194222628490147,
      "min": 0.0003822380023337904,
      "frac_ge_0.9": 0.006,
      "p90": 0.43243159609779036,
      "p99": 0.826573405195842
    },
    "q5b_last": {
      "median": 0.17062963503774026,
      "mean": 0.1770312104304988,
      "max": 0.7310718172344891,
      "min": 0.013231089556220947,
      "frac_ge_0.9": 0.0,
      "p90": 0.26904965584703683,
      "p99": 0.47922469249246963
    },
    "lift_max": 0.18835044561452563,
    "lift_median": -0.13423780170243543,
    "lift_frac_ge_0.9": 0.006
  },
  "q5b_last_untouched": true,
  "dune_api_calls": 0,
  "go_nogo": "GO",
  "go_reason": "live_max_and_frac_ge_0.9_improved_vs_q5b_last_oos_ok"
}
